[acm.sgu.ru/problemsetd41d.html]
[backblue.gif]
[fade.gif]
[index.html]
[acm.sgu.ru/style-1024.css]
[acm.sgu.ru/index.html]
[acm.sgu.ru/register.html]
[acm.sgu.ru/news.html]
[acm.sgu.ru/update.html]
[acm.sgu.ru/problemset6bce.html]
[acm.sgu.ru/submit.html]
[acm.sgu.ru/status.html]
[acm.sgu.ru/standing.html]
[acm.sgu.ru/vcontests.html]
[acm.sgu.ru/forum.html]
[acm.sgu.ru/statistic.html]
[acm.sgu.ru/faq.html]
[acm.sgu.ru/links.html]
[acm.sgu.ru/projects.html]
[acm.sgu.ru/poll_result4d8a.html]
[acm.sgu.ru/pixel.17.delayed]
[acm.sgu.ru/problem8414.html]
[acm.sgu.ru/status429d.html]
[acm.sgu.ru/problemf4c0.html]
[acm.sgu.ru/status6fc2.html]
[acm.sgu.ru/problem7303.html]
[acm.sgu.ru/status7c8f.html]
[acm.sgu.ru/problem3aed.html]
[acm.sgu.ru/status27a8.html]
[acm.sgu.ru/problemc6ef.html]
[acm.sgu.ru/status92c5.html]
[acm.sgu.ru/problemfd38.html]
[acm.sgu.ru/statusd026.html]
[acm.sgu.ru/problemb29d.html]
[acm.sgu.ru/statusb73a.html]
[acm.sgu.ru/problem6f34.html]
[acm.sgu.ru/statusc015.html]
[acm.sgu.ru/probleme447.html]
[acm.sgu.ru/statuseb7c.html]
[acm.sgu.ru/problemaf52.html]
[acm.sgu.ru/statuse96d.html]
[acm.sgu.ru/problema46e.html]
[acm.sgu.ru/statusf10d.html]
[acm.sgu.ru/problemfd00.html]
[acm.sgu.ru/status38f7.html]
[acm.sgu.ru/problemf0a6.html]
[acm.sgu.ru/status85fb.html]
[acm.sgu.ru/problemc8a4.html]
[acm.sgu.ru/status6b59.html]
[acm.sgu.ru/problem6c6b.html]
[acm.sgu.ru/status1e03.html]
[acm.sgu.ru/problem1170.html]
[acm.sgu.ru/status3813.html]
[acm.sgu.ru/probleme788.html]
[acm.sgu.ru/statusbb4a.html]
[acm.sgu.ru/problemf549.html]
[acm.sgu.ru/statusa2c6.html]
[acm.sgu.ru/problem8875.html]
[acm.sgu.ru/status14b6.html]
[acm.sgu.ru/problemf1b3.html]
[acm.sgu.ru/statusf0df.html]
[acm.sgu.ru/probleme7d1.html]
[acm.sgu.ru/statusa67a.html]
[acm.sgu.ru/problem4e18.html]
[acm.sgu.ru/status0117.html]
[acm.sgu.ru/problem24c3.html]
[acm.sgu.ru/status9ad2.html]
[acm.sgu.ru/problem6b8b.html]
[acm.sgu.ru/status2fe1.html]
[acm.sgu.ru/problembd56.html]
[acm.sgu.ru/status3894.html]
[acm.sgu.ru/problem3e78.html]
[acm.sgu.ru/statusbdac.html]
[acm.sgu.ru/problemab76.html]
[acm.sgu.ru/status25a6.html]
[acm.sgu.ru/problem0f64.html]
[acm.sgu.ru/statusbf62.html]
[acm.sgu.ru/problem8673.html]
[acm.sgu.ru/statusedf5.html]
[acm.sgu.ru/problem3f26.html]
[acm.sgu.ru/problemsetd41d.html]
[acm.sgu.ru/index.html]
[acm.sgu.ru/news.html]
[acm.sgu.ru/register.html]
[acm.sgu.ru/update.html]
[acm.sgu.ru/problemset6bce.html]
[acm.sgu.ru/submit.html]
[acm.sgu.ru/status.html]
[acm.sgu.ru/standing.html]
[acm.sgu.ru/contests.html]
[acm.sgu.ru/vcontests.html]
[acm.sgu.ru/forum.html]
[acm.sgu.ru/statistic.html]
[acm.sgu.ru/faq.html]
[acm.sgu.ru/links.html]
[acm.sgu.ru/projects.html]
[acm.sgu.ru/poll_result4d8a.html]
[acm.sgu.ru/problem8414.html]
[acm.sgu.ru/status429d.html]
[acm.sgu.ru/problemf4c0.html]
[acm.sgu.ru/status6fc2.html]
[acm.sgu.ru/problem7303.html]
[acm.sgu.ru/status7c8f.html]
[acm.sgu.ru/problem3aed.html]
[acm.sgu.ru/status27a8.html]
[acm.sgu.ru/problemc6ef.html]
[acm.sgu.ru/status92c5.html]
[acm.sgu.ru/problemfd38.html]
[acm.sgu.ru/statusd026.html]
[acm.sgu.ru/problemb29d.html]
[acm.sgu.ru/statusb73a.html]
[acm.sgu.ru/problem6f34.html]
[acm.sgu.ru/statusc015.html]
[acm.sgu.ru/probleme447.html]
[acm.sgu.ru/statuseb7c.html]
[acm.sgu.ru/problemaf52.html]
[acm.sgu.ru/statuse96d.html]
[acm.sgu.ru/problema46e.html]
[acm.sgu.ru/statusf10d.html]
[acm.sgu.ru/problemfd00.html]
[acm.sgu.ru/status38f7.html]
[acm.sgu.ru/problemf0a6.html]
[acm.sgu.ru/status85fb.html]
[acm.sgu.ru/problemc8a4.html]
[acm.sgu.ru/status6b59.html]
[acm.sgu.ru/problem6c6b.html]
[acm.sgu.ru/status1e03.html]
[acm.sgu.ru/problem1170.html]
[acm.sgu.ru/status3813.html]
[acm.sgu.ru/probleme788.html]
[acm.sgu.ru/statusbb4a.html]
[acm.sgu.ru/problemf549.html]
[acm.sgu.ru/statusa2c6.html]
[acm.sgu.ru/problem8875.html]
[acm.sgu.ru/status14b6.html]
[acm.sgu.ru/problemf1b3.html]
[acm.sgu.ru/statusf0df.html]
[acm.sgu.ru/probleme7d1.html]
[acm.sgu.ru/statusa67a.html]
[acm.sgu.ru/problem4e18.html]
[acm.sgu.ru/status0117.html]
[acm.sgu.ru/problem24c3.html]
[acm.sgu.ru/status9ad2.html]
[acm.sgu.ru/problem6b8b.html]
[acm.sgu.ru/status2fe1.html]
[acm.sgu.ru/problembd56.html]
[acm.sgu.ru/status3894.html]
[acm.sgu.ru/problem3e78.html]
[acm.sgu.ru/statusbdac.html]
[acm.sgu.ru/problemab76.html]
[acm.sgu.ru/status25a6.html]
[acm.sgu.ru/problem0f64.html]
[acm.sgu.ru/statusbf62.html]
[acm.sgu.ru/problem8673.html]
[acm.sgu.ru/statusedf5.html]
[acm.sgu.ru/problem3f26.html]
[acm.sgu.ru/status0176.html]
[acm.sgu.ru/status0176.html]
[acm.sgu.ru/templates.css]
[acm.sgu.ru/js/ui.datepicker.html]
[acm.sgu.ru/js/jquery.html]
[acm.sgu.ru/js/jquery.example.html]
[acm.sgu.ru/js/ui.datepicker-2.html]
[acm.sgu.ru/style-1024.css]
